// Jest Snapshot v1, https://goo.gl/fbAQLP

exports[`Import import 1`] = `
<DocumentFragment>
  <div
    class=""
  >
    <div
      style="width: 100%; display: flex; justify-content: space-between;"
    >
      <span
        class="fui-Title1 fui-Text"
      >
        Import CSV
      </span>
      <a
        aria-label="Help page"
        class="fui-Link"
        href="https://github.com/Emurasoft/excel-csv-import-help/blob/master/en.md"
        rel="noopener noreferrer"
        tabindex="0"
        target="_blank"
      >
        <button
          class="fui-Button"
          style="margin-right: 4px;"
          type="button"
        >
          <span
            class="fui-Button__icon"
          >
            <svg
              aria-hidden="true"
              class=""
              fill="currentColor"
              height="32"
              viewBox="0 0 32 32"
              width="32"
              xmlns="http://www.w3.org/2000/svg"
            >
              <path
                d="M11 11a5 5 0 0 1 10 0c0 1.46-.33 2.31-.76 2.92-.41.6-.95 1.01-1.63 1.55l-.23.18a8.56 8.56 0 0 0-2.31 2.52A9.54 9.54 0 0 0 15 23a1 1 0 1 0 2 0c0-1.87.35-3.04.8-3.84a6.62 6.62 0 0 1 1.82-1.94l.23-.18c.66-.52 1.44-1.12 2.03-1.97A6.8 6.8 0 0 0 23 11a7 7 0 1 0-14 0 1 1 0 1 0 2 0Zm5 17.75a1.25 1.25 0 1 0 0-2.5 1.25 1.25 0 0 0 0 2.5Z"
                fill="currentColor"
              />
            </svg>
          </span>
        </button>
      </a>
    </div>
    <br />
    <label
      class="fui-Label"
    >
      <span
        class="fui-Subtitle1 fui-Text"
      >
        Import type
      </span>
      <br />
      <div
        class="fui-Dropdown"
      >
        <button
          aria-expanded="false"
          class="fui-Dropdown__button"
          id="SourceInput-Dropdown"
          role="combobox"
          tabindex="0"
          type="button"
          value="Text input"
        >
          Text input
          <span
            class="fui-Dropdown__expandIcon"
          >
            <svg
              aria-hidden="true"
              class=""
              fill="currentColor"
              height="1em"
              viewBox="0 0 20 20"
              width="1em"
              xmlns="http://www.w3.org/2000/svg"
            >
              <path
                d="M15.85 7.65c.2.2.2.5 0 .7l-5.46 5.49a.55.55 0 0 1-.78 0L4.15 8.35a.5.5 0 1 1 .7-.7L10 12.8l5.15-5.16c.2-.2.5-.2.7 0Z"
                fill="currentColor"
              />
            </svg>
          </span>
        </button>
        <button
          aria-label="Clear selection"
          class="fui-Dropdown__clearButton"
          tabindex="0"
          type="button"
        >
          <svg
            aria-hidden="true"
            class=""
            fill="currentColor"
            height="1em"
            viewBox="0 0 20 20"
            width="1em"
            xmlns="http://www.w3.org/2000/svg"
          >
            <path
              d="m4.09 4.22.06-.07a.5.5 0 0 1 .63-.06l.07.06L10 9.29l5.15-5.14a.5.5 0 0 1 .63-.06l.07.06c.18.17.2.44.06.63l-.06.07L10.71 10l5.14 5.15c.18.17.2.44.06.63l-.06.07a.5.5 0 0 1-.63.06l-.07-.06L10 10.71l-5.15 5.14a.5.5 0 0 1-.63.06l-.07-.06a.5.5 0 0 1-.06-.63l.06-.07L9.29 10 4.15 4.85a.5.5 0 0 1-.06-.63l.06-.07-.06.07Z"
              fill="currentColor"
            />
          </svg>
        </button>
      </div>
    </label>
    <span
      class="fui-Textarea"
    >
      <textarea
        class="fui-Textarea__textarea"
        id="SourceInput-TextInput"
        rows="10"
        spellcheck="false"
        wrap="off"
      >
        csv text
      </textarea>
    </span>
    <br />
    <br />
    <br />
    <label
      class="fui-Label"
    >
      <span
        class="fui-Subtitle1 fui-Text"
      >
        Delimiter
      </span>
      <br />
      <div
        class="fui-Dropdown"
      >
        <button
          aria-expanded="false"
          class="fui-Dropdown__button"
          role="combobox"
          tabindex="0"
          type="button"
          value="Tab"
        >
          Tab
          <span
            class="fui-Dropdown__expandIcon"
          >
            <svg
              aria-hidden="true"
              class=""
              fill="currentColor"
              height="1em"
              viewBox="0 0 20 20"
              width="1em"
              xmlns="http://www.w3.org/2000/svg"
            >
              <path
                d="M15.85 7.65c.2.2.2.5 0 .7l-5.46 5.49a.55.55 0 0 1-.78 0L4.15 8.35a.5.5 0 1 1 .7-.7L10 12.8l5.15-5.16c.2-.2.5-.2.7 0Z"
                fill="currentColor"
              />
            </svg>
          </span>
        </button>
        <button
          aria-label="Clear selection"
          class="fui-Dropdown__clearButton"
          tabindex="0"
          type="button"
        >
          <svg
            aria-hidden="true"
            class=""
            fill="currentColor"
            height="1em"
            viewBox="0 0 20 20"
            width="1em"
            xmlns="http://www.w3.org/2000/svg"
          >
            <path
              d="m4.09 4.22.06-.07a.5.5 0 0 1 .63-.06l.07.06L10 9.29l5.15-5.14a.5.5 0 0 1 .63-.06l.07.06c.18.17.2.44.06.63l-.06.07L10.71 10l5.14 5.15c.18.17.2.44.06.63l-.06.07a.5.5 0 0 1-.63.06l-.07-.06L10 10.71l-5.15 5.14a.5.5 0 0 1-.63.06l-.07-.06a.5.5 0 0 1-.06-.63l.06-.07L9.29 10 4.15 4.85a.5.5 0 0 1-.06-.63l.06-.07-.06.07Z"
              fill="currentColor"
            />
          </svg>
        </button>
      </div>
    </label>
    <br />
    <br />
    <label
      class="fui-Label"
    >
      <span
        class="fui-Subtitle1 fui-Text"
      >
        Newline sequence
      </span>
      <br />
      <div
        class="fui-Dropdown"
      >
        <button
          aria-expanded="false"
          class="fui-Dropdown__button"
          role="combobox"
          tabindex="0"
          type="button"
          value="LF"
        >
          LF
          <span
            class="fui-Dropdown__expandIcon"
          >
            <svg
              aria-hidden="true"
              class=""
              fill="currentColor"
              height="1em"
              viewBox="0 0 20 20"
              width="1em"
              xmlns="http://www.w3.org/2000/svg"
            >
              <path
                d="M15.85 7.65c.2.2.2.5 0 .7l-5.46 5.49a.55.55 0 0 1-.78 0L4.15 8.35a.5.5 0 1 1 .7-.7L10 12.8l5.15-5.16c.2-.2.5-.2.7 0Z"
                fill="currentColor"
              />
            </svg>
          </span>
        </button>
        <button
          aria-label="Clear selection"
          class="fui-Dropdown__clearButton"
          tabindex="0"
          type="button"
        >
          <svg
            aria-hidden="true"
            class=""
            fill="currentColor"
            height="1em"
            viewBox="0 0 20 20"
            width="1em"
            xmlns="http://www.w3.org/2000/svg"
          >
            <path
              d="m4.09 4.22.06-.07a.5.5 0 0 1 .63-.06l.07.06L10 9.29l5.15-5.14a.5.5 0 0 1 .63-.06l.07.06c.18.17.2.44.06.63l-.06.07L10.71 10l5.14 5.15c.18.17.2.44.06.63l-.06.07a.5.5 0 0 1-.63.06l-.07-.06L10 10.71l-5.15 5.14a.5.5 0 0 1-.63.06l-.07-.06a.5.5 0 0 1-.06-.63l.06-.07L9.29 10 4.15 4.85a.5.5 0 0 1-.06-.63l.06-.07-.06.07Z"
              fill="currentColor"
            />
          </svg>
        </button>
      </div>
    </label>
    <br />
    <br />
    <button
      aria-label="Import CSV"
      class="fui-Button"
      type="button"
    >
      Import CSV
    </button>
    <br />
    <span
      class="fui-Text"
    >
      Â 
    </span>
    <div
      class=""
      style="margin-top: 30px;"
    >
      <span
        class="fui-Text"
      >
        <a
          href="/excel-csv-import/?page=about"
        >
          <button
            class="fui-Link"
            type="button"
          >
            About
          </button>
        </a>
      </span>
    </div>
  </div>
</DocumentFragment>
`;
